// Jest Snapshot v1, https://goo.gl/fbAQLP

exports[`The Card instance When called with default props should render without crashing 1`] = `ShallowWrapper {}`;
