// Jest Snapshot v1, https://goo.gl/fbAQLP

exports[`The Input instance When called with default props should render without throwing an error 1`] = `ShallowWrapper {}`;
